0440 len 00003AE0 (14 ï¿½ets Jul 29 2019 12:21:46

rst:0x1 (POWERON_RESET),boot:0x13 (SPI_FAST_FLASH_BOOT)
configsip: 0, SPIWP:0xee
clk_drv:0x00,q_drv:0x00,d_drv:0x00,cs0_drv:0x00,hd_drv:0x00,wp_drv:0x00
mode:DIO, clock div:2
load:0x3fff0030,len:6984
load:0x40078000,len:15512
load:0x40080400,len:3864
entry 0x40080650
[0;32mI (27) boot: ESP-IDF v5.0.3 2nd stage bootloader[0m
[0;32mI (27) boot: compile time 17:51:54[0m
[0;32mI (27) boot: Multicore bootloader[0m
[0;32mI (30) boot: chip revision: v3.0[0m
[0;32mI (34) boot.esp32: SPI Speed      : 40MHz[0m
[0;32mI (39) boot.esp32: SPI Mode       : DIO[0m
[0;32mI (44) boot.esp32: SPI Flash Size : 2MB[0m
[0;32mI (48) boot: Enabling RNG early entropy source...[0m
[0;32mI (53) boot: Partition Table:[0m
[0;32mI (57) boot: ## Label            Usage          Type ST Offset   Length[0m
[0;32mI (64) boot:  0 nvs              WiFi data        01 02 00009000 00006000[0m
[0;32mI (72) boot:  1 phy_init         RF data          01 01 0000f000 00001000[0m
[0;32mI (79) boot:  2 factory          factory app      00 00 00010000 00100000[0m
[0;32mI (87) boot: End of partition table[0m
[0;32mI (91) esp_image: segment 0: paddr=00010020 vaddr=3f400020 size=265d4h (157140) map[0m
[0;32mI (156) esp_image: segment 1: paddr=000365fc vaddr=3ffb0000 size=03454h ( 13396) load[0m
[0;32mI (162) esp_image: segment 2: paddr=00039a58 vaddr=40080000 size=065c0h ( 26048) load[0m
[0;32mI (173) esp_image: segment 3: paddr=00040020 vaddr=400d0020 size=984d4h (623828) map[0m
[0;32mI (398) esp_image: segment 4: paddr=000d84fc vaddr=400865c0 size=10104h ( 65796) load[0m
[0;32mI (437) boot: Loaded app from partition at offset 0x10000[0m
[0;32mI (437) boot: Disabling RNG early entropy source...[0m
[0;32mI (448) cpu_start: Multicore app[0m
[0;32mI (449) cpu_start: Pro cpu up.[0m
[0;32mI (449) cpu_start: Starting app cpu, entry point is 0x400813e4[0m
[0;32mI (0) cpu_start: App cpu up.[0m
[0;32mI (467) cpu_start: Pro cpu start user code[0m
[0;32mI (467) cpu_start: cpu freq: 160000000 Hz[0m
[0;32mI (467) cpu_start: Application information:[0m
[0;32mI (471) cpu_start: Project name:     MQTT_TEST[0m
[0;32mI (477) cpu_start: App version:      d249340-dirty[0m
[0;32mI (482) cpu_start: Compile time:     May 18 2024 17:51:05[0m
[0;32mI (488) cpu_start: ELF file SHA256:  6cb698ddb9cbb870...[0m
[0;32mI (494) cpu_start: ESP-IDF:          v5.0.3[0m
[0;32mI (499) cpu_start: Min chip rev:     v0.0[0m
[0;32mI (504) cpu_start: Max chip rev:     v3.99 [0m
[0;32mI (508) cpu_start: Chip rev:         v3.0[0m
[0;32mI (513) heap_init: Initializing. RAM available for dynamic allocation:[0m
[0;32mI (521) heap_init: At 3FFAE6E0 len 00001920 (6 KiB): DRAM[0m
[0;32mI (526) heap_init: At 3FFB7808 len 000287F8 (161 KiB): DRAM[0m
[0;32mI (533) heap_init: At 3FFE0440 len 00003AE0 (14 KiB): D/IRAM[0m
[0;32mI (539) heap_init: At 3FFE4350 len 0001BCB0 (111 KiB): D/IRAM[0m
[0;32mI (546) heap_init: At 400966C4 len 0000993C (38 KiB): IRAM[0m
[0;32mI (553) spi_flash: detected chip: generic[0m
[0;32mI (556) spi_flash: flash io: dio[0m
[0;33mW (560) spi_flash: Detected size(4096k) larger than the size in the binary image header(2048k). Using the size in the binary image header.[0m
[0;33mW (574) ADC: legacy driver is deprecated, please migrate to `esp_adc/adc_oneshot.h`[0m
[0;32mI (582) cpu_start: Starting scheduler on PRO CPU.[0m
[0;32mI (0) cpu_start: Starting scheduler on APP CPU.[0m
[0;32mI (593) MQTT_EXAMPLE: [APP] Startup..[0m
[0;32mI (593) MQTT_EXAMPLE: [APP] Free memory: 280892 bytes[0m
[0;32mI (603) MQTT_EXAMPLE: [APP] IDF version: v5.0.3[0m
[0;32mI (663) example_connect: Start example_connect.[0m
I (673) wifi:wifi driver task: 3ffbf4bc, prio:23, stack:6656, core=0
[0;32mI (673) system_api: Base MAC address is not set[0m
[0;32mI (673) system_api: read default base MAC address from EFUSE[0m
I (703) wifi:wifi firmware version: 15fc0ca
I (703) wifi:wifi certification version: v7.0
I (703) wifi:config NVS flash: enabled
I (703) wifi:config nano formating: disabled
I (703) wifi:Init data frame dynamic rx buffer num: 32
I (713) wifi:Init management frame dynamic rx buffer num: 32
I (713) wifi:Init management short buffer num: 32
I (723) wifi:Init dynamic tx buffer num: 32
I (723) wifi:Init static rx buffer size: 1600
I (733) wifi:Init static rx buffer num: 10
I (733) wifi:Init dynamic rx buffer num: 32
[0;32mI (743) wifi_init: rx ba win: 6[0m
[0;32mI (743) wifi_init: tcpip mbox: 32[0m
[0;32mI (743) wifi_init: udp mbox: 6[0m
[0;32mI (753) wifi_init: tcp mbox: 6[0m
[0;32mI (753) wifi_init: tcp tx win: 5744[0m
[0;32mI (753) wifi_init: tcp rx win: 5744[0m
[0;32mI (763) wifi_init: tcp mss: 1440[0m
[0;32mI (763) wifi_init: WiFi IRAM OP enabled[0m
[0;32mI (773) wifi_init: WiFi RX IRAM OP enabled[0m
[0;32mI (773) phy_init: phy_version 4670,719f9f6,Feb 18 2021,17:07:07[0m
I (883) wifi:mode : sta (24:d7:eb:18:45:04)
I (883) wifi:enable tsf
[0;32mI (883) example_connect: Connecting to My Anh...[0m
[0;32mI (883) example_connect: Waiting for IP(s)[0m
[0;32mI (3303) example_connect: Wi-Fi disconnected, trying to reconnect...[0m
[0;32mI (5713) example_connect: Wi-Fi disconnected, trying to reconnect...[0m
[0;32mI (8123) example_connect: Wi-Fi disconnected, trying to reconnect...[0m
[0;32mI (10533) example_connect: Wi-Fi disconnected, trying to reconnect...[0m
[0;32mI (12953) example_connect: Wi-Fi disconnected, trying to reconnect...[0m
[0;32mI (15363) example_connect: Wi-Fi disconnected, trying to reconnect...[0m
